Component: ARM Compiler 5.06 update 5 (build 528) Tool: armlink [4d35e2]

==============================================================================

Small function inlining results

Inlined total of 0 calls.

==============================================================================

Section Cross References

    system_nuc100series.o(i.SystemCoreClockUpdate) refers to uidiv.o(.text) for __aeabi_uidivmod
    system_nuc100series.o(i.SystemCoreClockUpdate) refers to system_nuc100series.o(.data) for .data
    startup_nuc100series.o(RESET) refers to startup_nuc100series.o(STACK) for __initial_sp
    startup_nuc100series.o(RESET) refers to startup_nuc100series.o(.text) for Reset_Handler
    startup_nuc100series.o(RESET) refers to main.o(i.UART02_IRQHandler) for UART02_IRQHandler
    startup_nuc100series.o(.text) refers to system_nuc100series.o(i.SystemInit) for SystemInit
    startup_nuc100series.o(.text) refers to entry.o(.ARM.Collect$$$$00000000) for __main
    clk.o(i.CLK_DisableCKO) refers to clk.o(i.CLK_DisableModuleClock) for CLK_DisableModuleClock
    clk.o(i.CLK_DisableModuleClock) refers to clk.o(.constdata) for .constdata
    clk.o(i.CLK_EnableCKO) refers to clk.o(i.CLK_EnableModuleClock) for CLK_EnableModuleClock
    clk.o(i.CLK_EnableCKO) refers to clk.o(i.CLK_SetModuleClock) for CLK_SetModuleClock
    clk.o(i.CLK_EnableModuleClock) refers to clk.o(.constdata) for .constdata
    clk.o(i.CLK_EnablePLL) refers to clk.o(i.CLK_WaitClockReady) for CLK_WaitClockReady
    clk.o(i.CLK_EnablePLL) refers to uidiv.o(.text) for __aeabi_uidivmod
    clk.o(i.CLK_GetCPUFreq) refers to system_nuc100series.o(i.SystemCoreClockUpdate) for SystemCoreClockUpdate
    clk.o(i.CLK_GetCPUFreq) refers to system_nuc100series.o(.data) for SystemCoreClock
    clk.o(i.CLK_GetHCLKFreq) refers to system_nuc100series.o(i.SystemCoreClockUpdate) for SystemCoreClockUpdate
    clk.o(i.CLK_GetHCLKFreq) refers to system_nuc100series.o(.data) for SystemCoreClock
    clk.o(i.CLK_GetPCLKFreq) refers to system_nuc100series.o(i.SystemCoreClockUpdate) for SystemCoreClockUpdate
    clk.o(i.CLK_GetPCLKFreq) refers to system_nuc100series.o(.data) for SystemCoreClock
    clk.o(i.CLK_SetCoreClock) refers to clk.o(i.CLK_EnablePLL) for CLK_EnablePLL
    clk.o(i.CLK_SetCoreClock) refers to clk.o(i.CLK_SetHCLK) for CLK_SetHCLK
    clk.o(i.CLK_SetHCLK) refers to system_nuc100series.o(i.SystemCoreClockUpdate) for SystemCoreClockUpdate
    clk.o(i.CLK_SetModuleClock) refers to clk.o(.constdata) for .constdata
    uart.o(i.CLK_GetPLLClockFreq) refers to uidiv.o(.text) for __aeabi_uidivmod
    uart.o(i.UART_Open) refers to uart.o(i.CLK_GetPLLClockFreq) for CLK_GetPLLClockFreq
    uart.o(i.UART_Open) refers to uidiv.o(.text) for __aeabi_uidivmod
    uart.o(i.UART_Open) refers to uart.o(.constdata) for .constdata
    uart.o(i.UART_SelectIrDAMode) refers to uart.o(i.CLK_GetPLLClockFreq) for CLK_GetPLLClockFreq
    uart.o(i.UART_SelectIrDAMode) refers to uidiv.o(.text) for __aeabi_uidivmod
    uart.o(i.UART_SelectIrDAMode) refers to uart.o(.constdata) for .constdata
    uart.o(i.UART_SetLine_Config) refers to uart.o(i.CLK_GetPLLClockFreq) for CLK_GetPLLClockFreq
    uart.o(i.UART_SetLine_Config) refers to uidiv.o(.text) for __aeabi_uidivmod
    uart.o(i.UART_SetLine_Config) refers to uart.o(.constdata) for .constdata
    main.o(i.Init_UART) refers to uart.o(i.UART_Open) for UART_Open
    main.o(i.build_buffer) refers to main.o(.data) for .data
    main.o(i.build_buffer) refers to main.o(.bss) for .bss
    main.o(i.main) refers to sys_init.o(i.SYS_Init) for SYS_Init
    main.o(i.main) refers to gpio.o(i.GPIO_SetMode) for GPIO_SetMode
    main.o(i.main) refers to scankey.o(i.OpenKeyPad_new) for OpenKeyPad_new
    main.o(i.main) refers to main.o(i.Init_UART) for Init_UART
    main.o(i.main) refers to scankey.o(i.ScanKey_new) for ScanKey_new
    main.o(i.main) refers to main.o(i.build_buffer) for build_buffer
    main.o(i.main) refers to uart.o(i.UART_Write) for UART_Write
    main.o(i.main) refers to main.o(.data) for .data
    sys_init.o(i.SYS_Init) refers to clk.o(i.CLK_EnableXtalRC) for CLK_EnableXtalRC
    sys_init.o(i.SYS_Init) refers to clk.o(i.CLK_WaitClockReady) for CLK_WaitClockReady
    sys_init.o(i.SYS_Init) refers to clk.o(i.CLK_SetCoreClock) for CLK_SetCoreClock
    sys_init.o(i.SYS_Init) refers to clk.o(i.CLK_EnableModuleClock) for CLK_EnableModuleClock
    sys_init.o(i.SYS_Init) refers to clk.o(i.CLK_SetModuleClock) for CLK_SetModuleClock
    scankey.o(i.OpenKeyPad) refers to gpio.o(i.GPIO_SetMode) for GPIO_SetMode
    scankey.o(i.OpenKeyPad_new) refers to gpio.o(i.GPIO_SetMode) for GPIO_SetMode
    entry.o(.ARM.Collect$$$$00000000) refers (Special) to entry10a.o(.ARM.Collect$$$$0000000D) for __rt_final_cpp
    entry.o(.ARM.Collect$$$$00000000) refers (Special) to entry11a.o(.ARM.Collect$$$$0000000F) for __rt_final_exit
    entry.o(.ARM.Collect$$$$00000000) refers (Special) to entry7b.o(.ARM.Collect$$$$00000008) for _main_clock
    entry.o(.ARM.Collect$$$$00000000) refers (Special) to entry8b.o(.ARM.Collect$$$$0000000A) for _main_cpp_init
    entry.o(.ARM.Collect$$$$00000000) refers (Special) to entry9a.o(.ARM.Collect$$$$0000000B) for _main_init
    entry.o(.ARM.Collect$$$$00000000) refers (Special) to entry5.o(.ARM.Collect$$$$00000004) for _main_scatterload
    entry.o(.ARM.Collect$$$$00000000) refers (Special) to entry2.o(.ARM.Collect$$$$00000001) for _main_stk
    entry2.o(.ARM.Collect$$$$00000001) refers to entry2.o(.ARM.Collect$$$$00002712) for __lit__00000000
    entry2.o(.ARM.Collect$$$$00002712) refers to startup_nuc100series.o(STACK) for __initial_sp
    entry2.o(__vectab_stack_and_reset_area) refers to startup_nuc100series.o(STACK) for __initial_sp
    entry2.o(__vectab_stack_and_reset_area) refers to entry.o(.ARM.Collect$$$$00000000) for __main
    entry5.o(.ARM.Collect$$$$00000004) refers to init.o(.text) for __scatterload
    entry9a.o(.ARM.Collect$$$$0000000B) refers to main.o(i.main) for main
    entry9b.o(.ARM.Collect$$$$0000000C) refers to main.o(i.main) for main
    init.o(.text) refers to entry5.o(.ARM.Collect$$$$00000004) for __main_after_scatterload


==============================================================================

Removing Unused input sections from the image.

    Removing system_nuc100series.o(.rev16_text), (4 bytes).
    Removing system_nuc100series.o(.revsh_text), (4 bytes).
    Removing startup_nuc100series.o(HEAP), (0 bytes).
    Removing sys.o(.rev16_text), (4 bytes).
    Removing sys.o(.revsh_text), (4 bytes).
    Removing sys.o(i.SYS_ClearResetSrc), (12 bytes).
    Removing sys.o(i.SYS_DisableBOD), (14 bytes).
    Removing sys.o(i.SYS_EnableBOD), (36 bytes).
    Removing sys.o(i.SYS_GetBODStatus), (12 bytes).
    Removing sys.o(i.SYS_GetResetSrc), (8 bytes).
    Removing sys.o(i.SYS_IsRegLocked), (16 bytes).
    Removing sys.o(i.SYS_ReadPDID), (8 bytes).
    Removing sys.o(i.SYS_ResetCPU), (14 bytes).
    Removing sys.o(i.SYS_ResetChip), (14 bytes).
    Removing sys.o(i.SYS_ResetModule), (26 bytes).
    Removing clk.o(.rev16_text), (4 bytes).
    Removing clk.o(.revsh_text), (4 bytes).
    Removing clk.o(i.CLK_DisableCKO), (16 bytes).
    Removing clk.o(i.CLK_DisableModuleClock), (48 bytes).
    Removing clk.o(i.CLK_DisablePLL), (16 bytes).
    Removing clk.o(i.CLK_DisableSysTick), (12 bytes).
    Removing clk.o(i.CLK_DisableXtalRC), (16 bytes).
    Removing clk.o(i.CLK_EnableCKO), (40 bytes).
    Removing clk.o(i.CLK_EnableSysTick), (56 bytes).
    Removing clk.o(i.CLK_GetCPUFreq), (16 bytes).
    Removing clk.o(i.CLK_GetHCLKFreq), (16 bytes).
    Removing clk.o(i.CLK_GetHXTFreq), (20 bytes).
    Removing clk.o(i.CLK_GetLXTFreq), (24 bytes).
    Removing clk.o(i.CLK_GetPCLKFreq), (16 bytes).
    Removing clk.o(i.CLK_Idle), (32 bytes).
    Removing clk.o(i.CLK_PowerDown), (36 bytes).
    Removing clk.o(i.CLK_SetSysTickClockSrc), (20 bytes).
    Removing uart.o(.rev16_text), (4 bytes).
    Removing uart.o(.revsh_text), (4 bytes).
    Removing uart.o(i.UART_ClearIntFlag), (56 bytes).
    Removing uart.o(i.UART_Close), (6 bytes).
    Removing uart.o(i.UART_DisableFlowCtrl), (12 bytes).
    Removing uart.o(i.UART_DisableInt), (48 bytes).
    Removing uart.o(i.UART_EnableFlowCtrl), (30 bytes).
    Removing uart.o(i.UART_EnableInt), (48 bytes).
    Removing uart.o(i.UART_Read), (44 bytes).
    Removing uart.o(i.UART_SelectIrDAMode), (132 bytes).
    Removing uart.o(i.UART_SelectLINMode), (24 bytes).
    Removing uart.o(i.UART_SelectRS485Mode), (32 bytes).
    Removing uart.o(i.UART_SetLine_Config), (128 bytes).
    Removing uart.o(i.UART_SetTimeoutCnt), (22 bytes).
    Removing gpio.o(.rev16_text), (4 bytes).
    Removing gpio.o(.revsh_text), (4 bytes).
    Removing gpio.o(i.GPIO_DisableInt), (28 bytes).
    Removing gpio.o(i.GPIO_EnableInt), (26 bytes).
    Removing main.o(.rev16_text), (4 bytes).
    Removing main.o(.revsh_text), (4 bytes).
    Removing main.o(.bss), (10 bytes).
    Removing sys_init.o(.rev16_text), (4 bytes).
    Removing sys_init.o(.revsh_text), (4 bytes).
    Removing scankey.o(.rev16_text), (4 bytes).
    Removing scankey.o(.revsh_text), (4 bytes).
    Removing scankey.o(i.OpenKeyPad), (72 bytes).
    Removing scankey.o(i.ScanKey), (140 bytes).
    Removing scankey.o(i.delay), (14 bytes).

60 unused section(s) (total 1480 bytes) removed from the image.

==============================================================================

Image Symbol Table

    Local Symbols

    Symbol Name                              Value     Ov Type        Size  Object(Section)

    RESET                                    0x00000000   Section      192  startup_nuc100series.o(RESET)
    ../clib/microlib/division.c              0x00000000   Number         0  uidiv.o ABSOLUTE
    ../clib/microlib/init/entry.s            0x00000000   Number         0  entry8b.o ABSOLUTE
    ../clib/microlib/init/entry.s            0x00000000   Number         0  entry5.o ABSOLUTE
    ../clib/microlib/init/entry.s            0x00000000   Number         0  entry7a.o ABSOLUTE
    ../clib/microlib/init/entry.s            0x00000000   Number         0  entry11b.o ABSOLUTE
    ../clib/microlib/init/entry.s            0x00000000   Number         0  entry7b.o ABSOLUTE
    ../clib/microlib/init/entry.s            0x00000000   Number         0  entry10b.o ABSOLUTE
    ../clib/microlib/init/entry.s            0x00000000   Number         0  entry8a.o ABSOLUTE
    ../clib/microlib/init/entry.s            0x00000000   Number         0  entry11a.o ABSOLUTE
    ../clib/microlib/init/entry.s            0x00000000   Number         0  entry10a.o ABSOLUTE
    ../clib/microlib/init/entry.s            0x00000000   Number         0  entry9b.o ABSOLUTE
    ../clib/microlib/init/entry.s            0x00000000   Number         0  entry9a.o ABSOLUTE
    ../clib/microlib/init/entry.s            0x00000000   Number         0  entry2.o ABSOLUTE
    ../clib/microlib/init/entry.s            0x00000000   Number         0  entry.o ABSOLUTE
    ..\..\..\..\Library\Device\Nuvoton\NUC100Series\Source\ARM\startup_NUC100Series.s 0x00000000   Number         0  startup_nuc100series.o ABSOLUTE
    ..\..\..\..\Library\Device\Nuvoton\NUC100Series\Source\system_NUC100Series.c 0x00000000   Number         0  system_nuc100series.o ABSOLUTE
    ..\..\..\..\Library\Nu-LB-NUC140\Source\SYS_init.c 0x00000000   Number         0  sys_init.o ABSOLUTE
    ..\..\..\..\Library\Nu-LB-NUC140\Source\Scankey.c 0x00000000   Number         0  scankey.o ABSOLUTE
    ..\..\..\..\Library\StdDriver\src\clk.c  0x00000000   Number         0  clk.o ABSOLUTE
    ..\..\..\..\Library\StdDriver\src\gpio.c 0x00000000   Number         0  gpio.o ABSOLUTE
    ..\..\..\..\Library\StdDriver\src\sys.c  0x00000000   Number         0  sys.o ABSOLUTE
    ..\..\..\..\Library\StdDriver\src\uart.c 0x00000000   Number         0  uart.o ABSOLUTE
    ..\\..\\..\\..\\Library\\Device\\Nuvoton\\NUC100Series\\Source\\system_NUC100Series.c 0x00000000   Number         0  system_nuc100series.o ABSOLUTE
    ..\\..\\..\\..\\Library\\Nu-LB-NUC140\\Source\\SYS_init.c 0x00000000   Number         0  sys_init.o ABSOLUTE
    ..\\..\\..\\..\\Library\\Nu-LB-NUC140\\Source\\Scankey.c 0x00000000   Number         0  scankey.o ABSOLUTE
    ..\\..\\..\\..\\Library\\StdDriver\\src\\clk.c 0x00000000   Number         0  clk.o ABSOLUTE
    ..\\..\\..\\..\\Library\\StdDriver\\src\\gpio.c 0x00000000   Number         0  gpio.o ABSOLUTE
    ..\\..\\..\\..\\Library\\StdDriver\\src\\sys.c 0x00000000   Number         0  sys.o ABSOLUTE
    ..\\..\\..\\..\\Library\\StdDriver\\src\\uart.c 0x00000000   Number         0  uart.o ABSOLUTE
    ..\\main.c                               0x00000000   Number         0  main.o ABSOLUTE
    ..\main.c                                0x00000000   Number         0  main.o ABSOLUTE
    handlers.s                               0x00000000   Number         0  handlers.o ABSOLUTE
    init.s                                   0x00000000   Number         0  init.o ABSOLUTE
    .ARM.Collect$$$$00000000                 0x000000c0   Section        0  entry.o(.ARM.Collect$$$$00000000)
    .ARM.Collect$$$$00000001                 0x000000c0   Section        4  entry2.o(.ARM.Collect$$$$00000001)
    .ARM.Collect$$$$00000004                 0x000000c4   Section        4  entry5.o(.ARM.Collect$$$$00000004)
    .ARM.Collect$$$$00000008                 0x000000c8   Section        0  entry7b.o(.ARM.Collect$$$$00000008)
    .ARM.Collect$$$$0000000A                 0x000000c8   Section        0  entry8b.o(.ARM.Collect$$$$0000000A)
    .ARM.Collect$$$$0000000B                 0x000000c8   Section        8  entry9a.o(.ARM.Collect$$$$0000000B)
    .ARM.Collect$$$$0000000D                 0x000000d0   Section        0  entry10a.o(.ARM.Collect$$$$0000000D)
    .ARM.Collect$$$$0000000F                 0x000000d0   Section        0  entry11a.o(.ARM.Collect$$$$0000000F)
    .ARM.Collect$$$$00002712                 0x000000d0   Section        4  entry2.o(.ARM.Collect$$$$00002712)
    __lit__00000000                          0x000000d0   Data           4  entry2.o(.ARM.Collect$$$$00002712)
    .text                                    0x000000d4   Section       76  startup_nuc100series.o(.text)
    Default_Handler                          0x000000ff   Thumb Code     2  startup_nuc100series.o(.text)
    .text                                    0x00000120   Section        0  uidiv.o(.text)
    .text                                    0x0000014c   Section       36  init.o(.text)
    i.CLK_EnableModuleClock                  0x00000170   Section        0  clk.o(i.CLK_EnableModuleClock)
    i.CLK_EnablePLL                          0x000001a0   Section        0  clk.o(i.CLK_EnablePLL)
    i.CLK_EnableXtalRC                       0x00000338   Section        0  clk.o(i.CLK_EnableXtalRC)
    i.CLK_GetPLLClockFreq                    0x00000348   Section        0  uart.o(i.CLK_GetPLLClockFreq)
    CLK_GetPLLClockFreq                      0x00000349   Thumb Code    70  uart.o(i.CLK_GetPLLClockFreq)
    i.CLK_SetCoreClock                       0x000003a0   Section        0  clk.o(i.CLK_SetCoreClock)
    i.CLK_SetHCLK                            0x00000418   Section        0  clk.o(i.CLK_SetHCLK)
    i.CLK_SetModuleClock                     0x00000460   Section        0  clk.o(i.CLK_SetModuleClock)
    i.CLK_WaitClockReady                     0x0000052c   Section        0  clk.o(i.CLK_WaitClockReady)
    i.GPIO_SetMode                           0x00000558   Section        0  gpio.o(i.GPIO_SetMode)
    i.Init_UART                              0x00000580   Section        0  main.o(i.Init_UART)
    i.OpenKeyPad_new                         0x00000594   Section        0  scankey.o(i.OpenKeyPad_new)
    i.SYS_Init                               0x000005e4   Section        0  sys_init.o(i.SYS_Init)
    i.ScanKey_new                            0x00000648   Section        0  scankey.o(i.ScanKey_new)
    i.SystemCoreClockUpdate                  0x00000698   Section        0  system_nuc100series.o(i.SystemCoreClockUpdate)
    i.SystemInit                             0x00000728   Section        0  system_nuc100series.o(i.SystemInit)
    i.UART02_IRQHandler                      0x0000072c   Section        0  main.o(i.UART02_IRQHandler)
    i.UART_Open                              0x00000758   Section        0  uart.o(i.UART_Open)
    i.UART_Write                             0x000007e0   Section        0  uart.o(i.UART_Write)
    i.__scatterload_copy                     0x0000080c   Section       14  handlers.o(i.__scatterload_copy)
    i.__scatterload_null                     0x0000081a   Section        2  handlers.o(i.__scatterload_null)
    i.__scatterload_zeroinit                 0x0000081c   Section       14  handlers.o(i.__scatterload_zeroinit)
    i.build_buffer                           0x0000082c   Section        0  main.o(i.build_buffer)
    i.main                                   0x00000884   Section        0  main.o(i.main)
    .constdata                               0x000009a8   Section       56  clk.o(.constdata)
    .constdata                               0x000009e0   Section       48  uart.o(.constdata)
    .data                                    0x20000000   Section       44  system_nuc100series.o(.data)
    .data                                    0x2000002c   Section       12  main.o(.data)
    .bss                                     0x20000038   Section       10  main.o(.bss)
    STACK                                    0x20000048   Section     1024  startup_nuc100series.o(STACK)

    Global Symbols

    Symbol Name                              Value     Ov Type        Size  Object(Section)

    BuildAttributes$$THM_ISAv3M$S$PE$A:L22$X:L11$S22$IEEE1$IW$USESV6$~STKCKD$USESV7$~SHL$OSPACE$EBA8$MICROLIB$REQ8$PRES8$EABIv2 0x00000000   Number         0  anon$$obj.o ABSOLUTE
    __ARM_use_no_argv                        0x00000000   Number         0  main.o ABSOLUTE
    __Vectors                                0x00000000   Data           4  startup_nuc100series.o(RESET)
    __cpp_initialize__aeabi_                  - Undefined Weak Reference
    __cxa_finalize                            - Undefined Weak Reference
    __decompress                              - Undefined Weak Reference
    _clock_init                               - Undefined Weak Reference
    _microlib_exit                            - Undefined Weak Reference
    __main                                   0x000000c1   Thumb Code     0  entry.o(.ARM.Collect$$$$00000000)
    _main_stk                                0x000000c1   Thumb Code     0  entry2.o(.ARM.Collect$$$$00000001)
    _main_scatterload                        0x000000c5   Thumb Code     0  entry5.o(.ARM.Collect$$$$00000004)
    __main_after_scatterload                 0x000000c9   Thumb Code     0  entry5.o(.ARM.Collect$$$$00000004)
    _main_clock                              0x000000c9   Thumb Code     0  entry7b.o(.ARM.Collect$$$$00000008)
    _main_cpp_init                           0x000000c9   Thumb Code     0  entry8b.o(.ARM.Collect$$$$0000000A)
    _main_init                               0x000000c9   Thumb Code     0  entry9a.o(.ARM.Collect$$$$0000000B)
    __rt_final_cpp                           0x000000d1   Thumb Code     0  entry10a.o(.ARM.Collect$$$$0000000D)
    __rt_final_exit                          0x000000d1   Thumb Code     0  entry11a.o(.ARM.Collect$$$$0000000F)
    Reset_Handler                            0x000000d5   Thumb Code    32  startup_nuc100series.o(.text)
    NMI_Handler                              0x000000f5   Thumb Code     2  startup_nuc100series.o(.text)
    HardFault_Handler                        0x000000f7   Thumb Code     2  startup_nuc100series.o(.text)
    SVC_Handler                              0x000000f9   Thumb Code     2  startup_nuc100series.o(.text)
    PendSV_Handler                           0x000000fb   Thumb Code     2  startup_nuc100series.o(.text)
    SysTick_Handler                          0x000000fd   Thumb Code     2  startup_nuc100series.o(.text)
    ACMP_IRQHandler                          0x000000ff   Thumb Code     0  startup_nuc100series.o(.text)
    ADC_IRQHandler                           0x000000ff   Thumb Code     0  startup_nuc100series.o(.text)
    BOD_IRQHandler                           0x000000ff   Thumb Code     0  startup_nuc100series.o(.text)
    CAN0_IRQHandler                          0x000000ff   Thumb Code     0  startup_nuc100series.o(.text)
    CAN1_IRQHandler                          0x000000ff   Thumb Code     0  startup_nuc100series.o(.text)
    EINT0_IRQHandler                         0x000000ff   Thumb Code     0  startup_nuc100series.o(.text)
    EINT1_IRQHandler                         0x000000ff   Thumb Code     0  startup_nuc100series.o(.text)
    GPAB_IRQHandler                          0x000000ff   Thumb Code     0  startup_nuc100series.o(.text)
    GPCDEF_IRQHandler                        0x000000ff   Thumb Code     0  startup_nuc100series.o(.text)
    I2C0_IRQHandler                          0x000000ff   Thumb Code     0  startup_nuc100series.o(.text)
    I2C1_IRQHandler                          0x000000ff   Thumb Code     0  startup_nuc100series.o(.text)
    I2S_IRQHandler                           0x000000ff   Thumb Code     0  startup_nuc100series.o(.text)
    PDMA_IRQHandler                          0x000000ff   Thumb Code     0  startup_nuc100series.o(.text)
    PS2_IRQHandler                           0x000000ff   Thumb Code     0  startup_nuc100series.o(.text)
    PWMA_IRQHandler                          0x000000ff   Thumb Code     0  startup_nuc100series.o(.text)
    PWMB_IRQHandler                          0x000000ff   Thumb Code     0  startup_nuc100series.o(.text)
    PWRWU_IRQHandler                         0x000000ff   Thumb Code     0  startup_nuc100series.o(.text)
    RTC_IRQHandler                           0x000000ff   Thumb Code     0  startup_nuc100series.o(.text)
    SC012_IRQHandler                         0x000000ff   Thumb Code     0  startup_nuc100series.o(.text)
    SPI0_IRQHandler                          0x000000ff   Thumb Code     0  startup_nuc100series.o(.text)
    SPI1_IRQHandler                          0x000000ff   Thumb Code     0  startup_nuc100series.o(.text)
    SPI2_IRQHandler                          0x000000ff   Thumb Code     0  startup_nuc100series.o(.text)
    SPI3_IRQHandler                          0x000000ff   Thumb Code     0  startup_nuc100series.o(.text)
    TMR0_IRQHandler                          0x000000ff   Thumb Code     0  startup_nuc100series.o(.text)
    TMR1_IRQHandler                          0x000000ff   Thumb Code     0  startup_nuc100series.o(.text)
    TMR2_IRQHandler                          0x000000ff   Thumb Code     0  startup_nuc100series.o(.text)
    TMR3_IRQHandler                          0x000000ff   Thumb Code     0  startup_nuc100series.o(.text)
    UART1_IRQHandler                         0x000000ff   Thumb Code     0  startup_nuc100series.o(.text)
    USBD_IRQHandler                          0x000000ff   Thumb Code     0  startup_nuc100series.o(.text)
    WDT_IRQHandler                           0x000000ff   Thumb Code     0  startup_nuc100series.o(.text)
    __aeabi_uidiv                            0x00000121   Thumb Code     0  uidiv.o(.text)
    __aeabi_uidivmod                         0x00000121   Thumb Code    44  uidiv.o(.text)
    __scatterload                            0x0000014d   Thumb Code    28  init.o(.text)
    __scatterload_rt2                        0x0000014d   Thumb Code     0  init.o(.text)
    CLK_EnableModuleClock                    0x00000171   Thumb Code    40  clk.o(i.CLK_EnableModuleClock)
    CLK_EnablePLL                            0x000001a1   Thumb Code   348  clk.o(i.CLK_EnablePLL)
    CLK_EnableXtalRC                         0x00000339   Thumb Code    10  clk.o(i.CLK_EnableXtalRC)
    CLK_SetCoreClock                         0x000003a1   Thumb Code   112  clk.o(i.CLK_SetCoreClock)
    CLK_SetHCLK                              0x00000419   Thumb Code    66  clk.o(i.CLK_SetHCLK)
    CLK_SetModuleClock                       0x00000461   Thumb Code   180  clk.o(i.CLK_SetModuleClock)
    CLK_WaitClockReady                       0x0000052d   Thumb Code    34  clk.o(i.CLK_WaitClockReady)
    GPIO_SetMode                             0x00000559   Thumb Code    40  gpio.o(i.GPIO_SetMode)
    Init_UART                                0x00000581   Thumb Code    14  main.o(i.Init_UART)
    OpenKeyPad_new                           0x00000595   Thumb Code    76  scankey.o(i.OpenKeyPad_new)
    SYS_Init                                 0x000005e5   Thumb Code    88  sys_init.o(i.SYS_Init)
    ScanKey_new                              0x00000649   Thumb Code    74  scankey.o(i.ScanKey_new)
    SystemCoreClockUpdate                    0x00000699   Thumb Code   118  system_nuc100series.o(i.SystemCoreClockUpdate)
    SystemInit                               0x00000729   Thumb Code     2  system_nuc100series.o(i.SystemInit)
    UART02_IRQHandler                        0x0000072d   Thumb Code    34  main.o(i.UART02_IRQHandler)
    UART_Open                                0x00000759   Thumb Code   120  uart.o(i.UART_Open)
    UART_Write                               0x000007e1   Thumb Code    44  uart.o(i.UART_Write)
    __scatterload_copy                       0x0000080d   Thumb Code    14  handlers.o(i.__scatterload_copy)
    __scatterload_null                       0x0000081b   Thumb Code     2  handlers.o(i.__scatterload_null)
    __scatterload_zeroinit                   0x0000081d   Thumb Code    14  handlers.o(i.__scatterload_zeroinit)
    build_buffer                             0x0000082d   Thumb Code    78  main.o(i.build_buffer)
    main                                     0x00000885   Thumb Code   274  main.o(i.main)
    Region$$Table$$Base                      0x00000a10   Number         0  anon$$obj.o(Region$$Table)
    Region$$Table$$Limit                     0x00000a30   Number         0  anon$$obj.o(Region$$Table)
    SystemCoreClock                          0x20000000   Data           4  system_nuc100series.o(.data)
    CyclesPerUs                              0x20000004   Data           4  system_nuc100series.o(.data)
    PllClock                                 0x20000008   Data           4  system_nuc100series.o(.data)
    gau32ClkSrcTbl                           0x2000000c   Data          32  system_nuc100series.o(.data)
    id                                       0x2000002c   Data           1  main.o(.data)
    dim                                      0x2000002d   Data           1  main.o(.data)
    pos                                      0x2000002e   Data           1  main.o(.data)
    command                                  0x2000002f   Data           1  main.o(.data)
    x                                        0x20000030   Data           4  main.o(.data)
    y                                        0x20000034   Data           4  main.o(.data)
    buffer                                   0x20000038   Data          10  main.o(.bss)
    __initial_sp                             0x20000448   Data           0  startup_nuc100series.o(STACK)



==============================================================================

Memory Map of the image

  Image Entry point : 0x000000d5

  Load Region LR_1 (Base: 0x00000000, Size: 0x00000a68, Max: 0xffffffff, ABSOLUTE)

    Execution Region ER_RO (Exec base: 0x00000000, Load base: 0x00000000, Size: 0x00000a30, Max: 0xffffffff, ABSOLUTE)

    Exec Addr    Load Addr    Size         Type   Attr      Idx    E Section Name        Object

    0x00000000   0x00000000   0x000000c0   Data   RO          114    RESET               startup_nuc100series.o
    0x000000c0   0x000000c0   0x00000000   Code   RO          682  * .ARM.Collect$$$$00000000  mc_p.l(entry.o)
    0x000000c0   0x000000c0   0x00000004   Code   RO          685    .ARM.Collect$$$$00000001  mc_p.l(entry2.o)
    0x000000c4   0x000000c4   0x00000004   Code   RO          688    .ARM.Collect$$$$00000004  mc_p.l(entry5.o)
    0x000000c8   0x000000c8   0x00000000   Code   RO          690    .ARM.Collect$$$$00000008  mc_p.l(entry7b.o)
    0x000000c8   0x000000c8   0x00000000   Code   RO          692    .ARM.Collect$$$$0000000A  mc_p.l(entry8b.o)
    0x000000c8   0x000000c8   0x00000008   Code   RO          693    .ARM.Collect$$$$0000000B  mc_p.l(entry9a.o)
    0x000000d0   0x000000d0   0x00000000   Code   RO          695    .ARM.Collect$$$$0000000D  mc_p.l(entry10a.o)
    0x000000d0   0x000000d0   0x00000000   Code   RO          697    .ARM.Collect$$$$0000000F  mc_p.l(entry11a.o)
    0x000000d0   0x000000d0   0x00000004   Code   RO          686    .ARM.Collect$$$$00002712  mc_p.l(entry2.o)
    0x000000d4   0x000000d4   0x0000004c   Code   RO          115  * .text               startup_nuc100series.o
    0x00000120   0x00000120   0x0000002c   Code   RO          683    .text               mc_p.l(uidiv.o)
    0x0000014c   0x0000014c   0x00000024   Code   RO          699    .text               mc_p.l(init.o)
    0x00000170   0x00000170   0x00000030   Code   RO          208    i.CLK_EnableModuleClock  clk.o
    0x000001a0   0x000001a0   0x00000198   Code   RO          209    i.CLK_EnablePLL     clk.o
    0x00000338   0x00000338   0x00000010   Code   RO          211    i.CLK_EnableXtalRC  clk.o
    0x00000348   0x00000348   0x00000058   Code   RO          349    i.CLK_GetPLLClockFreq  uart.o
    0x000003a0   0x000003a0   0x00000078   Code   RO          219    i.CLK_SetCoreClock  clk.o
    0x00000418   0x00000418   0x00000048   Code   RO          220    i.CLK_SetHCLK       clk.o
    0x00000460   0x00000460   0x000000cc   Code   RO          221    i.CLK_SetModuleClock  clk.o
    0x0000052c   0x0000052c   0x0000002c   Code   RO          223    i.CLK_WaitClockReady  clk.o
    0x00000558   0x00000558   0x00000028   Code   RO          483    i.GPIO_SetMode      gpio.o
    0x00000580   0x00000580   0x00000014   Code   RO          513    i.Init_UART         main.o
    0x00000594   0x00000594   0x00000050   Code   RO          635    i.OpenKeyPad_new    scankey.o
    0x000005e4   0x000005e4   0x00000064   Code   RO          611    i.SYS_Init          sys_init.o
    0x00000648   0x00000648   0x00000050   Code   RO          637    i.ScanKey_new       scankey.o
    0x00000698   0x00000698   0x00000090   Code   RO            3    i.SystemCoreClockUpdate  system_nuc100series.o
    0x00000728   0x00000728   0x00000002   Code   RO            4    i.SystemInit        system_nuc100series.o
    0x0000072a   0x0000072a   0x00000002   PAD
    0x0000072c   0x0000072c   0x0000002c   Code   RO          514    i.UART02_IRQHandler  main.o
    0x00000758   0x00000758   0x00000088   Code   RO          356    i.UART_Open         uart.o
    0x000007e0   0x000007e0   0x0000002c   Code   RO          363    i.UART_Write        uart.o
    0x0000080c   0x0000080c   0x0000000e   Code   RO          703    i.__scatterload_copy  mc_p.l(handlers.o)
    0x0000081a   0x0000081a   0x00000002   Code   RO          704    i.__scatterload_null  mc_p.l(handlers.o)
    0x0000081c   0x0000081c   0x0000000e   Code   RO          705    i.__scatterload_zeroinit  mc_p.l(handlers.o)
    0x0000082a   0x0000082a   0x00000002   PAD
    0x0000082c   0x0000082c   0x00000058   Code   RO          515    i.build_buffer      main.o
    0x00000884   0x00000884   0x00000124   Code   RO          516    i.main              main.o
    0x000009a8   0x000009a8   0x00000038   Data   RO          224    .constdata          clk.o
    0x000009e0   0x000009e0   0x00000030   Data   RO          364    .constdata          uart.o
    0x00000a10   0x00000a10   0x00000020   Data   RO          701    Region$$Table       anon$$obj.o


    Execution Region ER_RW (Exec base: 0x20000000, Load base: 0x00000a30, Size: 0x00000038, Max: 0xffffffff, ABSOLUTE)

    Exec Addr    Load Addr    Size         Type   Attr      Idx    E Section Name        Object

    0x20000000   0x00000a30   0x0000002c   Data   RW            5    .data               system_nuc100series.o
    0x2000002c   0x00000a5c   0x0000000c   Data   RW          519    .data               main.o


    Execution Region ER_ZI (Exec base: 0x20000038, Load base: 0x00000a68, Size: 0x00000410, Max: 0xffffffff, ABSOLUTE)

    Exec Addr    Load Addr    Size         Type   Attr      Idx    E Section Name        Object

    0x20000038        -       0x0000000a   Zero   RW          517    .bss                main.o
    0x20000042   0x00000a68   0x00000006   PAD
    0x20000048        -       0x00000400   Zero   RW          112    STACK               startup_nuc100series.o


==============================================================================

Image component sizes


      Code (inc. data)   RO Data    RW Data    ZI Data      Debug   Object Name

       912        122         56          0          0       6674   clk.o
        40          0          0          0          0       1147   gpio.o
       444         44          0         12         10       3539   main.o
       160         10          0          0          0       1323   scankey.o
        76         32        192          0       1024        800   startup_nuc100series.o
       100         12          0          0          0      35223   sys_init.o
       146         26          0         44          0     118487   system_nuc100series.o
       268         34         48          0          0      95209   uart.o

    ----------------------------------------------------------------------
      2148        280        328         56       1040     262402   Object Totals
         0          0         32          0          0          0   (incl. Generated)
         2          0          0          0          6          0   (incl. Padding)

    ----------------------------------------------------------------------

      Code (inc. data)   RO Data    RW Data    ZI Data      Debug   Library Member Name

         0          0          0          0          0          0   entry.o
         0          0          0          0          0          0   entry10a.o
         0          0          0          0          0          0   entry11a.o
         8          4          0          0          0          0   entry2.o
         4          0          0          0          0          0   entry5.o
         0          0          0          0          0          0   entry7b.o
         0          0          0          0          0          0   entry8b.o
         8          4          0          0          0          0   entry9a.o
        30          0          0          0          0          0   handlers.o
        36          8          0          0          0         68   init.o
        44          0          0          0          0         72   uidiv.o

    ----------------------------------------------------------------------
       132         16          0          0          0        140   Library Totals
         2          0          0          0          0          0   (incl. Padding)

    ----------------------------------------------------------------------

      Code (inc. data)   RO Data    RW Data    ZI Data      Debug   Library Name

       130         16          0          0          0        140   mc_p.l

    ----------------------------------------------------------------------
       132         16          0          0          0        140   Library Totals

    ----------------------------------------------------------------------

==============================================================================


      Code (inc. data)   RO Data    RW Data    ZI Data      Debug   

      2280        296        328         56       1040     261990   Grand Totals
      2280        296        328         56       1040     261990   ELF Image Totals
      2280        296        328         56          0          0   ROM Totals

==============================================================================

    Total RO  Size (Code + RO Data)                 2608 (   2.55kB)
    Total RW  Size (RW Data + ZI Data)              1096 (   1.07kB)
    Total ROM Size (Code + RO Data + RW Data)       2664 (   2.60kB)

==============================================================================

