<html>
<body>
<pre>
<h1>µVision Build Log</h1>
<h2>Tool Versions:</h2>
IDE-Version: µVision V5.24.2.0
Copyright (C) 2017 ARM Ltd and ARM Germany GmbH. All rights reserved.
License Information: bui Anh Khoa, abc, LIC=ZB4Y8-3T5U3-PA4DH-W94SG-1DVAT-6DK30
 
Tool Versions:
Toolchain:       MDK-ARM Plus  Version: 5.24.1
Toolchain Path:  C:\Keil_v5\ARM\ARMCC\Bin
C Compiler:      Armcc.exe V5.06 update 5 (build 528)
Assembler:       Armasm.exe V5.06 update 5 (build 528)
Linker/Locator:  ArmLink.exe V5.06 update 5 (build 528)
Library Manager: ArmAr.exe V5.06 update 5 (build 528)
Hex Converter:   FromElf.exe V5.06 update 5 (build 528)
CPU DLL:         SARMCM3.DLL V5.24.1
Dialog DLL:      DARMSTM.DLL V1.68.0.0
Target DLL:      STLink\ST-LINKIII-KEIL_SWO.dll V3.0.1.0
Dialog DLL:      TARMSTM.DLL V1.66.0.0
 
<h2>Project:</h2>
C:\Users\Anh Khoa\Documents\UIT courses\nhungcanban\doan\stm32_f103_PSHAND\Stm32f103c8.uvprojx
Project File Date:  11/15/2018

<h2>Output:</h2>
*** Using Compiler 'V5.06 update 5 (build 528)', folder: 'C:\Keil_v5\ARM\ARMCC\Bin'
Rebuild target 'Target 1'
compiling system_stm32f10x.c...
compiling main.c...
User\function.h(23): warning:  #1-D: last line of file ends without a newline
  #endif /* _FUNCTION_H_ */
User\main.c(32): warning:  #1295-D: Deprecated declaration build_buffer - give arg types
  uint8_t* build_buffer();
User\main.c(46): warning:  #177-D: variable "I2C_InitStructure"  was declared but never referenced
  	I2C_InitTypeDef I2C_InitStructure;
User\main.c(47): warning:  #177-D: variable "GPIO_InitStructure"  was declared but never referenced
    GPIO_InitTypeDef GPIO_InitStructure;
User\main.c(52): warning:  #177-D: variable "i"  was declared but never referenced
  	int i;
User\main.c(53): warning:  #177-D: variable "heading"  was declared but never referenced
  	float heading[3];
User\main.c(256): warning:  #177-D: variable "i"  was declared but never referenced
  	int i;
User\main.c: 7 warnings, 0 errors
compiling misc.c...
compiling stm32f10x_fsmc.c...
compiling function.c...
User\function.h(23): warning:  #1-D: last line of file ends without a newline
  #endif /* _FUNCTION_H_ */
User\function.c: 1 warning, 0 errors
compiling stm32f10x_gpio.c...
compiling stm32f10x_exti.c...
assembling startup_stm32f10x_md.s...
compiling stm32f10x_rcc.c...
compiling stm32f10x_sdio.c...
compiling stm32f10x_tim.c...
compiling core_cm3.c...
compiling stm32f10x_usart.c...
linking...
Program Size: Code=3152 RO-data=268 RW-data=44 ZI-data=1044  
FromELF: creating hex file...
".\Objects\Stm32f103c8.axf" - 0 Error(s), 8 Warning(s).

<h2>Software Packages used:</h2>

Package Vendor: Keil
                http://www.keil.com/pack/Keil.STM32F1xx_DFP.2.2.0.pack
                Keil.STM32F1xx_DFP.2.2.0
                STMicroelectronics STM32F1 Series Device Support, Drivers and Examples

<h2>Collection of Component include folders:</h2>
  .\RTE\_Target_1
  C:\Keil_v5\ARM\PACK\Keil\STM32F1xx_DFP\2.2.0\Device\Include

<h2>Collection of Component Files used:</h2>
Build Time Elapsed:  00:00:11
</pre>
</body>
</html>
